[debug] [2026-06-04T18:26:09.026Z] ----------------------------------------------------------------------
[debug] [2026-06-04T18:26:09.028Z] Command:       C:\Program Files\nodejs\node.exe C:\Users\arriz\AppData\Roaming\npm\node_modules\firebase-tools\lib\bin\firebase.js init
[debug] [2026-06-04T18:26:09.028Z] CLI Version:   15.19.1
[debug] [2026-06-04T18:26:09.028Z] Platform:      win32
[debug] [2026-06-04T18:26:09.028Z] Node Version:  v22.19.0
[debug] [2026-06-04T18:26:09.029Z] Time:          Thu Jun 04 2026 11:26:09 GMT-0700 (Pacific Daylight Time)
[debug] [2026-06-04T18:26:09.029Z] ----------------------------------------------------------------------
[debug] 
[info] 
     ######## #### ########  ######## ########     ###     ######  ########
     ##        ##  ##     ## ##       ##     ##  ##   ##  ##       ##
     ######    ##  ########  ######   ########  #########  ######  ######
     ##        ##  ##    ##  ##       ##     ## ##     ##       ## ##
     ##       #### ##     ## ######## ########  ##     ##  ######  ########

You're about to initialize a Firebase project in this directory:

  C:\Users\arriz\OneDrive\Documents\User Interface Design - D279\PPP Proto

[info] 
=== Project Setup
[info] 
[info] First, let's associate this project directory with a Firebase project.
[info] You can create multiple project aliases by running firebase use --add, 
[info] 
[debug] [2026-06-04T18:26:43.861Z] > command requires scopes: ["email","openid","https://www.googleapis.com/auth/cloudplatformprojects.readonly","https://www.googleapis.com/auth/firebase","https://www.googleapis.com/auth/cloud-platform"]
[debug] [2026-06-04T18:26:43.861Z] > authorizing via signed-in user (arriza.ryan@gmail.com)
[debug] [2026-06-04T18:26:43.862Z] Checked if tokens are valid: true, expires at: 1780601151162
[debug] [2026-06-04T18:26:43.862Z] Checked if tokens are valid: true, expires at: 1780601151162
[debug] [2026-06-04T18:26:43.863Z] >>> [apiv2][query] GET https://firebase.googleapis.com/v1beta1/projects pageSize=100
[debug] [2026-06-04T18:26:44.380Z] <<< [apiv2][status] GET https://firebase.googleapis.com/v1beta1/projects 200
[debug] [2026-06-04T18:26:44.380Z] <<< [apiv2][body] GET https://firebase.googleapis.com/v1beta1/projects [omitted]
[info] 
=== App Hosting Setup
[debug] [2026-06-04T18:26:53.920Z] Checked if tokens are valid: true, expires at: 1780601151162
[debug] [2026-06-04T18:26:53.920Z] Checked if tokens are valid: true, expires at: 1780601151162
[debug] [2026-06-04T18:26:53.920Z] >>> [apiv2][query] GET https://cloudbilling.googleapis.com/v1/projects/portfolio-projects-ppp-proto/billingInfo [none]
[debug] [2026-06-04T18:26:54.151Z] <<< [apiv2][status] GET https://cloudbilling.googleapis.com/v1/projects/portfolio-projects-ppp-proto/billingInfo 200
[debug] [2026-06-04T18:26:54.151Z] <<< [apiv2][body] GET https://cloudbilling.googleapis.com/v1/projects/portfolio-projects-ppp-proto/billingInfo {"name":"projects/portfolio-projects-ppp-proto/billingInfo","projectId":"portfolio-projects-ppp-proto","billingAccountName":"billingAccounts/013D09-36B3B6-1CB900","billingEnabled":true}
[debug] [2026-06-04T18:26:54.151Z] Checked if tokens are valid: true, expires at: 1780601151162
[debug] [2026-06-04T18:26:54.151Z] Checked if tokens are valid: true, expires at: 1780601151162
[debug] [2026-06-04T18:26:54.151Z] >>> [apiv2][query] GET https://serviceusage.googleapis.com/v1/projects/portfolio-projects-ppp-proto/services/firebaseapphosting.googleapis.com [none]
[debug] [2026-06-04T18:26:54.152Z] >>> [apiv2][(partial)header] GET https://serviceusage.googleapis.com/v1/projects/portfolio-projects-ppp-proto/services/firebaseapphosting.googleapis.com  x-goog-user-project=portfolio-projects-ppp-proto
[debug] [2026-06-04T18:26:54.586Z] <<< [apiv2][status] GET https://serviceusage.googleapis.com/v1/projects/portfolio-projects-ppp-proto/services/firebaseapphosting.googleapis.com 200
[debug] [2026-06-04T18:26:54.586Z] <<< [apiv2][body] GET https://serviceusage.googleapis.com/v1/projects/portfolio-projects-ppp-proto/services/firebaseapphosting.googleapis.com [omitted]
[debug] [2026-06-04T18:26:54.592Z] Checked if tokens are valid: true, expires at: 1780601151162
[debug] [2026-06-04T18:26:54.592Z] Checked if tokens are valid: true, expires at: 1780601151162
[debug] [2026-06-04T18:26:54.592Z] Checked if tokens are valid: true, expires at: 1780601151162
[debug] [2026-06-04T18:26:54.592Z] Checked if tokens are valid: true, expires at: 1780601151162
[debug] [2026-06-04T18:26:54.593Z] Checked if tokens are valid: true, expires at: 1780601151162
[debug] [2026-06-04T18:26:54.593Z] Checked if tokens are valid: true, expires at: 1780601151162
[debug] [2026-06-04T18:26:54.593Z] Checked if tokens are valid: true, expires at: 1780601151162
[debug] [2026-06-04T18:26:54.593Z] Checked if tokens are valid: true, expires at: 1780601151162
[debug] [2026-06-04T18:26:54.593Z] Checked if tokens are valid: true, expires at: 1780601151162
[debug] [2026-06-04T18:26:54.593Z] Checked if tokens are valid: true, expires at: 1780601151162
[debug] [2026-06-04T18:26:54.593Z] Checked if tokens are valid: true, expires at: 1780601151162
[debug] [2026-06-04T18:26:54.593Z] Checked if tokens are valid: true, expires at: 1780601151162
[debug] [2026-06-04T18:26:54.593Z] >>> [apiv2][query] GET https://serviceusage.googleapis.com/v1/projects/portfolio-projects-ppp-proto/services/developerconnect.googleapis.com [none]
[debug] [2026-06-04T18:26:54.593Z] >>> [apiv2][(partial)header] GET https://serviceusage.googleapis.com/v1/projects/portfolio-projects-ppp-proto/services/developerconnect.googleapis.com  x-goog-user-project=portfolio-projects-ppp-proto
[debug] [2026-06-04T18:26:54.594Z] >>> [apiv2][query] GET https://serviceusage.googleapis.com/v1/projects/portfolio-projects-ppp-proto/services/cloudbuild.googleapis.com [none]
[debug] [2026-06-04T18:26:54.594Z] >>> [apiv2][(partial)header] GET https://serviceusage.googleapis.com/v1/projects/portfolio-projects-ppp-proto/services/cloudbuild.googleapis.com  x-goog-user-project=portfolio-projects-ppp-proto
[debug] [2026-06-04T18:26:54.595Z] >>> [apiv2][query] GET https://serviceusage.googleapis.com/v1/projects/portfolio-projects-ppp-proto/services/secretmanager.googleapis.com [none]
[debug] [2026-06-04T18:26:54.595Z] >>> [apiv2][(partial)header] GET https://serviceusage.googleapis.com/v1/projects/portfolio-projects-ppp-proto/services/secretmanager.googleapis.com  x-goog-user-project=portfolio-projects-ppp-proto
[debug] [2026-06-04T18:26:54.596Z] >>> [apiv2][query] GET https://serviceusage.googleapis.com/v1/projects/portfolio-projects-ppp-proto/services/run.googleapis.com [none]
[debug] [2026-06-04T18:26:54.596Z] >>> [apiv2][(partial)header] GET https://serviceusage.googleapis.com/v1/projects/portfolio-projects-ppp-proto/services/run.googleapis.com  x-goog-user-project=portfolio-projects-ppp-proto
[debug] [2026-06-04T18:26:54.597Z] >>> [apiv2][query] GET https://serviceusage.googleapis.com/v1/projects/portfolio-projects-ppp-proto/services/artifactregistry.googleapis.com [none]
[debug] [2026-06-04T18:26:54.597Z] >>> [apiv2][(partial)header] GET https://serviceusage.googleapis.com/v1/projects/portfolio-projects-ppp-proto/services/artifactregistry.googleapis.com  x-goog-user-project=portfolio-projects-ppp-proto
[debug] [2026-06-04T18:26:54.599Z] >>> [apiv2][query] GET https://serviceusage.googleapis.com/v1/projects/portfolio-projects-ppp-proto/services/iam.googleapis.com [none]
[debug] [2026-06-04T18:26:54.599Z] >>> [apiv2][(partial)header] GET https://serviceusage.googleapis.com/v1/projects/portfolio-projects-ppp-proto/services/iam.googleapis.com  x-goog-user-project=portfolio-projects-ppp-proto
[debug] [2026-06-04T18:26:54.754Z] <<< [apiv2][status] GET https://serviceusage.googleapis.com/v1/projects/portfolio-projects-ppp-proto/services/developerconnect.googleapis.com 200
[debug] [2026-06-04T18:26:54.755Z] <<< [apiv2][body] GET https://serviceusage.googleapis.com/v1/projects/portfolio-projects-ppp-proto/services/developerconnect.googleapis.com [omitted]
[debug] [2026-06-04T18:26:54.975Z] <<< [apiv2][status] GET https://serviceusage.googleapis.com/v1/projects/portfolio-projects-ppp-proto/services/artifactregistry.googleapis.com 200
[debug] [2026-06-04T18:26:54.976Z] <<< [apiv2][body] GET https://serviceusage.googleapis.com/v1/projects/portfolio-projects-ppp-proto/services/artifactregistry.googleapis.com [omitted]
[debug] [2026-06-04T18:26:54.991Z] <<< [apiv2][status] GET https://serviceusage.googleapis.com/v1/projects/portfolio-projects-ppp-proto/services/run.googleapis.com 200
[debug] [2026-06-04T18:26:54.991Z] <<< [apiv2][body] GET https://serviceusage.googleapis.com/v1/projects/portfolio-projects-ppp-proto/services/run.googleapis.com [omitted]
[debug] [2026-06-04T18:26:54.998Z] <<< [apiv2][status] GET https://serviceusage.googleapis.com/v1/projects/portfolio-projects-ppp-proto/services/cloudbuild.googleapis.com 200
[debug] [2026-06-04T18:26:54.998Z] <<< [apiv2][body] GET https://serviceusage.googleapis.com/v1/projects/portfolio-projects-ppp-proto/services/cloudbuild.googleapis.com [omitted]
[debug] [2026-06-04T18:26:55.005Z] <<< [apiv2][status] GET https://serviceusage.googleapis.com/v1/projects/portfolio-projects-ppp-proto/services/iam.googleapis.com 200
[debug] [2026-06-04T18:26:55.005Z] <<< [apiv2][body] GET https://serviceusage.googleapis.com/v1/projects/portfolio-projects-ppp-proto/services/iam.googleapis.com [omitted]
[debug] [2026-06-04T18:26:55.019Z] <<< [apiv2][status] GET https://serviceusage.googleapis.com/v1/projects/portfolio-projects-ppp-proto/services/secretmanager.googleapis.com 200
[debug] [2026-06-04T18:26:55.019Z] <<< [apiv2][body] GET https://serviceusage.googleapis.com/v1/projects/portfolio-projects-ppp-proto/services/secretmanager.googleapis.com [omitted]
[debug] [2026-06-04T18:26:55.025Z] Checked if tokens are valid: true, expires at: 1780601151162
[debug] [2026-06-04T18:26:55.025Z] Checked if tokens are valid: true, expires at: 1780601151162
[debug] [2026-06-04T18:26:55.025Z] >>> [apiv2][query] POST https://iam.googleapis.com/v1/projects/portfolio-projects-ppp-proto/serviceAccounts/firebase-app-hosting-compute@portfolio-projects-ppp-proto.iam.gserviceaccount.com:testIamPermissions [none]
[debug] [2026-06-04T18:26:55.025Z] >>> [apiv2][(partial)header] POST https://iam.googleapis.com/v1/projects/portfolio-projects-ppp-proto/serviceAccounts/firebase-app-hosting-compute@portfolio-projects-ppp-proto.iam.gserviceaccount.com:testIamPermissions  x-goog-user-project=portfolio-projects-ppp-proto
[debug] [2026-06-04T18:26:55.025Z] >>> [apiv2][body] POST https://iam.googleapis.com/v1/projects/portfolio-projects-ppp-proto/serviceAccounts/firebase-app-hosting-compute@portfolio-projects-ppp-proto.iam.gserviceaccount.com:testIamPermissions {"permissions":["iam.serviceAccounts.actAs"]}
[debug] [2026-06-04T18:26:55.244Z] <<< [apiv2][status] POST https://iam.googleapis.com/v1/projects/portfolio-projects-ppp-proto/serviceAccounts/firebase-app-hosting-compute@portfolio-projects-ppp-proto.iam.gserviceaccount.com:testIamPermissions 200
[debug] [2026-06-04T18:26:55.244Z] <<< [apiv2][body] POST https://iam.googleapis.com/v1/projects/portfolio-projects-ppp-proto/serviceAccounts/firebase-app-hosting-compute@portfolio-projects-ppp-proto.iam.gserviceaccount.com:testIamPermissions {"permissions":["iam.serviceAccounts.actAs"]}
[debug] [2026-06-04T18:26:55.245Z] Checked if tokens are valid: true, expires at: 1780601151162
[debug] [2026-06-04T18:26:55.245Z] Checked if tokens are valid: true, expires at: 1780601151162
[debug] [2026-06-04T18:26:55.245Z] >>> [apiv2][query] POST https://iam.googleapis.com/v1/projects/portfolio-projects-ppp-proto/serviceAccounts [none]
[debug] [2026-06-04T18:26:55.245Z] >>> [apiv2][body] POST https://iam.googleapis.com/v1/projects/portfolio-projects-ppp-proto/serviceAccounts {"accountId":"firebase-app-hosting-compute","serviceAccount":{"displayName":"Firebase App Hosting compute service account","description":"Default service account used to run builds and deploys for Firebase App Hosting"}}
[debug] [2026-06-04T18:26:55.527Z] <<< [apiv2][status] POST https://iam.googleapis.com/v1/projects/portfolio-projects-ppp-proto/serviceAccounts 409
[debug] [2026-06-04T18:26:55.527Z] <<< [apiv2][body] POST https://iam.googleapis.com/v1/projects/portfolio-projects-ppp-proto/serviceAccounts [omitted]
[debug] [2026-06-04T18:26:55.528Z] Checked if tokens are valid: true, expires at: 1780601151162
[debug] [2026-06-04T18:26:55.528Z] Checked if tokens are valid: true, expires at: 1780601151162
[debug] [2026-06-04T18:26:55.528Z] >>> [apiv2][query] POST https://cloudresourcemanager.googleapis.com/v1/projects/portfolio-projects-ppp-proto:getIamPolicy [none]
[debug] [2026-06-04T18:26:55.838Z] <<< [apiv2][status] POST https://cloudresourcemanager.googleapis.com/v1/projects/portfolio-projects-ppp-proto:getIamPolicy 200
[debug] [2026-06-04T18:26:55.838Z] <<< [apiv2][body] POST https://cloudresourcemanager.googleapis.com/v1/projects/portfolio-projects-ppp-proto:getIamPolicy {"version":1,"etag":"BwZTcaEm2kI=","bindings":[{"role":"roles/cloudbuild.builds.builder","members":["serviceAccount:131238480102@cloudbuild.gserviceaccount.com"]},{"role":"roles/cloudbuild.serviceAgent","members":["serviceAccount:service-131238480102@gcp-sa-cloudbuild.iam.gserviceaccount.com"]},{"role":"roles/containerregistry.ServiceAgent","members":["serviceAccount:service-131238480102@containerregistry.iam.gserviceaccount.com"]},{"role":"roles/developerconnect.readTokenAccessor","members":["serviceAccount:firebase-app-hosting-compute@portfolio-projects-ppp-proto.iam.gserviceaccount.com"]},{"role":"roles/developerconnect.serviceAgent","members":["serviceAccount:service-131238480102@gcp-sa-devconnect.iam.gserviceaccount.com"]},{"role":"roles/editor","members":["serviceAccount:131238480102-compute@developer.gserviceaccount.com"]},{"role":"roles/firebase.managementServiceAgent","members":["serviceAccount:service-131238480102@gcp-sa-firebase.iam.gserviceaccount.com"]},{"role":"roles/firebase.sdkAdminServiceAgent","members":["serviceAccount:firebase-adminsdk-fbsvc@portfolio-projects-ppp-proto.iam.gserviceaccount.com","serviceAccount:firebase-app-hosting-compute@portfolio-projects-ppp-proto.iam.gserviceaccount.com"]},{"role":"roles/firebaseapphosting.computeRunner","members":["serviceAccount:firebase-app-hosting-compute@portfolio-projects-ppp-proto.iam.gserviceaccount.com"]},{"role":"roles/iam.serviceAccountTokenCreator","members":["serviceAccount:firebase-adminsdk-fbsvc@portfolio-projects-ppp-proto.iam.gserviceaccount.com"]},{"role":"roles/owner","members":["user:Arriza.ryan@gmail.com"]},{"role":"roles/run.serviceAgent","members":["serviceAccount:service-131238480102@serverless-robot-prod.iam.gserviceaccount.com"]},{"role":"roles/secretmanager.admin_withcond_d56695d5b37b03a2a03d","members":["serviceAccount:service-131238480102@gcp-sa-devconnect.iam.gserviceaccount.com"]}]}
[debug] [2026-06-04T18:26:55.838Z] Checked if tokens are valid: true, expires at: 1780601151162
[debug] [2026-06-04T18:26:55.838Z] Checked if tokens are valid: true, expires at: 1780601151162
[debug] [2026-06-04T18:26:55.838Z] >>> [apiv2][query] POST https://cloudresourcemanager.googleapis.com/v1/projects/portfolio-projects-ppp-proto:setIamPolicy [none]
[debug] [2026-06-04T18:26:55.838Z] >>> [apiv2][body] POST https://cloudresourcemanager.googleapis.com/v1/projects/portfolio-projects-ppp-proto:setIamPolicy {"policy":{"version":1,"etag":"BwZTcaEm2kI=","bindings":[{"role":"roles/cloudbuild.builds.builder","members":["serviceAccount:131238480102@cloudbuild.gserviceaccount.com"]},{"role":"roles/cloudbuild.serviceAgent","members":["serviceAccount:service-131238480102@gcp-sa-cloudbuild.iam.gserviceaccount.com"]},{"role":"roles/containerregistry.ServiceAgent","members":["serviceAccount:service-131238480102@containerregistry.iam.gserviceaccount.com"]},{"role":"roles/developerconnect.readTokenAccessor","members":["serviceAccount:firebase-app-hosting-compute@portfolio-projects-ppp-proto.iam.gserviceaccount.com"]},{"role":"roles/developerconnect.serviceAgent","members":["serviceAccount:service-131238480102@gcp-sa-devconnect.iam.gserviceaccount.com"]},{"role":"roles/editor","members":["serviceAccount:131238480102-compute@developer.gserviceaccount.com"]},{"role":"roles/firebase.managementServiceAgent","members":["serviceAccount:service-131238480102@gcp-sa-firebase.iam.gserviceaccount.com"]},{"role":"roles/firebase.sdkAdminServiceAgent","members":["serviceAccount:firebase-adminsdk-fbsvc@portfolio-projects-ppp-proto.iam.gserviceaccount.com","serviceAccount:firebase-app-hosting-compute@portfolio-projects-ppp-proto.iam.gserviceaccount.com"]},{"role":"roles/firebaseapphosting.computeRunner","members":["serviceAccount:firebase-app-hosting-compute@portfolio-projects-ppp-proto.iam.gserviceaccount.com"]},{"role":"roles/iam.serviceAccountTokenCreator","members":["serviceAccount:firebase-adminsdk-fbsvc@portfolio-projects-ppp-proto.iam.gserviceaccount.com"]},{"role":"roles/owner","members":["user:Arriza.ryan@gmail.com"]},{"role":"roles/run.serviceAgent","members":["serviceAccount:service-131238480102@serverless-robot-prod.iam.gserviceaccount.com"]},{"role":"roles/secretmanager.admin_withcond_d56695d5b37b03a2a03d","members":["serviceAccount:service-131238480102@gcp-sa-devconnect.iam.gserviceaccount.com"]},{"role":"roles/storage.objectViewer","members":["serviceAccount:firebase-app-hosting-compute@portfolio-projects-ppp-proto.iam.gserviceaccount.com"]}]},"updateMask":"bindings"}
[debug] [2026-06-04T18:26:56.599Z] <<< [apiv2][status] POST https://cloudresourcemanager.googleapis.com/v1/projects/portfolio-projects-ppp-proto:setIamPolicy 200
[debug] [2026-06-04T18:26:56.600Z] <<< [apiv2][body] POST https://cloudresourcemanager.googleapis.com/v1/projects/portfolio-projects-ppp-proto:setIamPolicy {"version":1,"etag":"BwZTca/FAYc=","bindings":[{"role":"roles/cloudbuild.builds.builder","members":["serviceAccount:131238480102@cloudbuild.gserviceaccount.com"]},{"role":"roles/cloudbuild.serviceAgent","members":["serviceAccount:service-131238480102@gcp-sa-cloudbuild.iam.gserviceaccount.com"]},{"role":"roles/containerregistry.ServiceAgent","members":["serviceAccount:service-131238480102@containerregistry.iam.gserviceaccount.com"]},{"role":"roles/developerconnect.readTokenAccessor","members":["serviceAccount:firebase-app-hosting-compute@portfolio-projects-ppp-proto.iam.gserviceaccount.com"]},{"role":"roles/developerconnect.serviceAgent","members":["serviceAccount:service-131238480102@gcp-sa-devconnect.iam.gserviceaccount.com"]},{"role":"roles/editor","members":["serviceAccount:131238480102-compute@developer.gserviceaccount.com"]},{"role":"roles/firebase.managementServiceAgent","members":["serviceAccount:service-131238480102@gcp-sa-firebase.iam.gserviceaccount.com"]},{"role":"roles/firebase.sdkAdminServiceAgent","members":["serviceAccount:firebase-adminsdk-fbsvc@portfolio-projects-ppp-proto.iam.gserviceaccount.com","serviceAccount:firebase-app-hosting-compute@portfolio-projects-ppp-proto.iam.gserviceaccount.com"]},{"role":"roles/firebaseapphosting.computeRunner","members":["serviceAccount:firebase-app-hosting-compute@portfolio-projects-ppp-proto.iam.gserviceaccount.com"]},{"role":"roles/iam.serviceAccountTokenCreator","members":["serviceAccount:firebase-adminsdk-fbsvc@portfolio-projects-ppp-proto.iam.gserviceaccount.com"]},{"role":"roles/owner","members":["user:Arriza.ryan@gmail.com"]},{"role":"roles/run.serviceAgent","members":["serviceAccount:service-131238480102@serverless-robot-prod.iam.gserviceaccount.com"]},{"role":"roles/secretmanager.admin_withcond_d56695d5b37b03a2a03d","members":["serviceAccount:service-131238480102@gcp-sa-devconnect.iam.gserviceaccount.com"]},{"role":"roles/storage.objectViewer","members":["serviceAccount:firebase-app-hosting-compute@portfolio-projects-ppp-proto.iam.gserviceaccount.com"]}]}
[info] i  This command links your local project to Firebase App Hosting. You will be able to deploy your web app with `firebase deploy` after setup. 
[info] i  === Set up your backend 
[debug] [2026-06-04T18:27:05.322Z] Checked if tokens are valid: true, expires at: 1780601151162
[debug] [2026-06-04T18:27:05.322Z] Checked if tokens are valid: true, expires at: 1780601151162
[debug] [2026-06-04T18:27:05.322Z] >>> [apiv2][query] GET https://firebaseapphosting.googleapis.com/v1beta/projects/portfolio-projects-ppp-proto/locations 
[debug] [2026-06-04T18:27:05.777Z] <<< [apiv2][status] GET https://firebaseapphosting.googleapis.com/v1beta/projects/portfolio-projects-ppp-proto/locations 200
[debug] [2026-06-04T18:27:05.777Z] <<< [apiv2][body] GET https://firebaseapphosting.googleapis.com/v1beta/projects/portfolio-projects-ppp-proto/locations {"locations":[{"name":"projects/portfolio-projects-ppp-proto/locations/asia-east1","locationId":"asia-east1","displayName":"Taiwan"},{"name":"projects/portfolio-projects-ppp-proto/locations/asia-southeast1","locationId":"asia-southeast1","displayName":"Singapore"},{"name":"projects/portfolio-projects-ppp-proto/locations/europe-west4","locationId":"europe-west4","displayName":"Netherlands"},{"name":"projects/portfolio-projects-ppp-proto/locations/us-central1","locationId":"us-central1","displayName":"Iowa"},{"name":"projects/portfolio-projects-ppp-proto/locations/us-east4","locationId":"us-east4","displayName":"Northern Virginia"},{"name":"projects/portfolio-projects-ppp-proto/locations/us-east5","locationId":"us-east5","displayName":"Columbus"}]}
[info] +  Location set to us-central1.
 
[debug] [2026-06-04T18:27:27.198Z] Checked if tokens are valid: true, expires at: 1780601151162
[debug] [2026-06-04T18:27:27.198Z] Checked if tokens are valid: true, expires at: 1780601151162
[debug] [2026-06-04T18:27:27.198Z] >>> [apiv2][query] GET https://firebaseapphosting.googleapis.com/v1beta/projects/portfolio-projects-ppp-proto/locations/us-central1/backends/portfolio-uid-proto [none]
[debug] [2026-06-04T18:27:27.520Z] <<< [apiv2][status] GET https://firebaseapphosting.googleapis.com/v1beta/projects/portfolio-projects-ppp-proto/locations/us-central1/backends/portfolio-uid-proto 404
[debug] [2026-06-04T18:27:27.520Z] <<< [apiv2][body] GET https://firebaseapphosting.googleapis.com/v1beta/projects/portfolio-projects-ppp-proto/locations/us-central1/backends/portfolio-uid-proto {"error":{"code":404,"message":"Resource 'projects/portfolio-projects-ppp-proto/locations/us-central1/backends/portfolio-uid-proto' was not found","status":"NOT_FOUND","details":[{"@type":"type.googleapis.com/google.rpc.ResourceInfo","resourceName":"projects/portfolio-projects-ppp-proto/locations/us-central1/backends/portfolio-uid-proto"}]}}
[info] +  Name set to portfolio-uid-proto
 
[debug] [2026-06-04T18:27:27.521Z] Checked if tokens are valid: true, expires at: 1780601151162
[debug] [2026-06-04T18:27:27.521Z] Checked if tokens are valid: true, expires at: 1780601151162
[debug] [2026-06-04T18:27:27.521Z] >>> [apiv2][query] GET https://firebase.googleapis.com/v1beta1/projects/portfolio-projects-ppp-proto/webApps pageSize=100
[debug] [2026-06-04T18:27:27.863Z] <<< [apiv2][status] GET https://firebase.googleapis.com/v1beta1/projects/portfolio-projects-ppp-proto/webApps 200
[debug] [2026-06-04T18:27:27.864Z] <<< [apiv2][body] GET https://firebase.googleapis.com/v1beta1/projects/portfolio-projects-ppp-proto/webApps {}
[debug] [2026-06-04T18:27:27.864Z] Checked if tokens are valid: true, expires at: 1780601151162
[debug] [2026-06-04T18:27:27.864Z] Checked if tokens are valid: true, expires at: 1780601151162
[debug] [2026-06-04T18:27:27.864Z] >>> [apiv2][query] GET https://firebase.googleapis.com/v1beta1/projects/portfolio-projects-ppp-proto/webApps pageSize=100
[debug] [2026-06-04T18:27:28.039Z] <<< [apiv2][status] GET https://firebase.googleapis.com/v1beta1/projects/portfolio-projects-ppp-proto/webApps 200
[debug] [2026-06-04T18:27:28.039Z] <<< [apiv2][body] GET https://firebase.googleapis.com/v1beta1/projects/portfolio-projects-ppp-proto/webApps {}
[debug] [2026-06-04T18:27:28.040Z] Checked if tokens are valid: true, expires at: 1780601151162
[debug] [2026-06-04T18:27:28.040Z] Checked if tokens are valid: true, expires at: 1780601151162
[debug] [2026-06-04T18:27:28.040Z] >>> [apiv2][query] POST https://firebase.googleapis.com/v1beta1/projects/portfolio-projects-ppp-proto/webApps [none]
[debug] [2026-06-04T18:27:28.040Z] >>> [apiv2][body] POST https://firebase.googleapis.com/v1beta1/projects/portfolio-projects-ppp-proto/webApps {"displayName":"portfolio-uid-proto"}
[debug] [2026-06-04T18:27:28.790Z] <<< [apiv2][status] POST https://firebase.googleapis.com/v1beta1/projects/portfolio-projects-ppp-proto/webApps 200
[debug] [2026-06-04T18:27:28.790Z] <<< [apiv2][body] POST https://firebase.googleapis.com/v1beta1/projects/portfolio-projects-ppp-proto/webApps {"name":"operations/workflows/NTBhZjZlOTYtZDMxYi00Nzg0LWJhOGQtMWIyOWIxYWM3ZTgy"}
[debug] [2026-06-04T18:27:28.791Z] Checked if tokens are valid: true, expires at: 1780601151162
[debug] [2026-06-04T18:27:28.791Z] Checked if tokens are valid: true, expires at: 1780601151162
[debug] [2026-06-04T18:27:28.791Z] >>> [apiv2][query] GET https://firebase.googleapis.com/v1beta1/operations/workflows/NTBhZjZlOTYtZDMxYi00Nzg0LWJhOGQtMWIyOWIxYWM3ZTgy [none]
[debug] [2026-06-04T18:27:29.197Z] <<< [apiv2][status] GET https://firebase.googleapis.com/v1beta1/operations/workflows/NTBhZjZlOTYtZDMxYi00Nzg0LWJhOGQtMWIyOWIxYWM3ZTgy 200
[debug] [2026-06-04T18:27:29.197Z] <<< [apiv2][body] GET https://firebase.googleapis.com/v1beta1/operations/workflows/NTBhZjZlOTYtZDMxYi00Nzg0LWJhOGQtMWIyOWIxYWM3ZTgy {"name":"operations/workflows/NTBhZjZlOTYtZDMxYi00Nzg0LWJhOGQtMWIyOWIxYWM3ZTgy"}
[debug] [2026-06-04T18:27:29.704Z] [Create Web app Poller] Retrying task index 0
[debug] [2026-06-04T18:27:29.704Z] Checked if tokens are valid: true, expires at: 1780601151162
[debug] [2026-06-04T18:27:29.704Z] Checked if tokens are valid: true, expires at: 1780601151162
[debug] [2026-06-04T18:27:29.704Z] >>> [apiv2][query] GET https://firebase.googleapis.com/v1beta1/operations/workflows/NTBhZjZlOTYtZDMxYi00Nzg0LWJhOGQtMWIyOWIxYWM3ZTgy [none]
[debug] [2026-06-04T18:27:30.052Z] <<< [apiv2][status] GET https://firebase.googleapis.com/v1beta1/operations/workflows/NTBhZjZlOTYtZDMxYi00Nzg0LWJhOGQtMWIyOWIxYWM3ZTgy 200
[debug] [2026-06-04T18:27:30.053Z] <<< [apiv2][body] GET https://firebase.googleapis.com/v1beta1/operations/workflows/NTBhZjZlOTYtZDMxYi00Nzg0LWJhOGQtMWIyOWIxYWM3ZTgy {"name":"operations/workflows/NTBhZjZlOTYtZDMxYi00Nzg0LWJhOGQtMWIyOWIxYWM3ZTgy"}
[debug] [2026-06-04T18:27:31.062Z] [Create Web app Poller] Retrying task index 0
[debug] [2026-06-04T18:27:31.062Z] Checked if tokens are valid: true, expires at: 1780601151162
[debug] [2026-06-04T18:27:31.062Z] Checked if tokens are valid: true, expires at: 1780601151162
[debug] [2026-06-04T18:27:31.063Z] >>> [apiv2][query] GET https://firebase.googleapis.com/v1beta1/operations/workflows/NTBhZjZlOTYtZDMxYi00Nzg0LWJhOGQtMWIyOWIxYWM3ZTgy [none]
[debug] [2026-06-04T18:27:31.365Z] <<< [apiv2][status] GET https://firebase.googleapis.com/v1beta1/operations/workflows/NTBhZjZlOTYtZDMxYi00Nzg0LWJhOGQtMWIyOWIxYWM3ZTgy 200
[debug] [2026-06-04T18:27:31.365Z] <<< [apiv2][body] GET https://firebase.googleapis.com/v1beta1/operations/workflows/NTBhZjZlOTYtZDMxYi00Nzg0LWJhOGQtMWIyOWIxYWM3ZTgy {"name":"operations/workflows/NTBhZjZlOTYtZDMxYi00Nzg0LWJhOGQtMWIyOWIxYWM3ZTgy"}
[debug] [2026-06-04T18:27:33.367Z] [Create Web app Poller] Retrying task index 0
[debug] [2026-06-04T18:27:33.367Z] Checked if tokens are valid: true, expires at: 1780601151162
[debug] [2026-06-04T18:27:33.367Z] Checked if tokens are valid: true, expires at: 1780601151162
[debug] [2026-06-04T18:27:33.367Z] >>> [apiv2][query] GET https://firebase.googleapis.com/v1beta1/operations/workflows/NTBhZjZlOTYtZDMxYi00Nzg0LWJhOGQtMWIyOWIxYWM3ZTgy [none]
[debug] [2026-06-04T18:27:33.686Z] <<< [apiv2][status] GET https://firebase.googleapis.com/v1beta1/operations/workflows/NTBhZjZlOTYtZDMxYi00Nzg0LWJhOGQtMWIyOWIxYWM3ZTgy 200
[debug] [2026-06-04T18:27:33.687Z] <<< [apiv2][body] GET https://firebase.googleapis.com/v1beta1/operations/workflows/NTBhZjZlOTYtZDMxYi00Nzg0LWJhOGQtMWIyOWIxYWM3ZTgy {"name":"operations/workflows/NTBhZjZlOTYtZDMxYi00Nzg0LWJhOGQtMWIyOWIxYWM3ZTgy","done":true,"response":{"@type":"type.googleapis.com/google.firebase.service.v1beta1.WebApp","name":"projects/portfolio-projects-ppp-proto/webApps/1:131238480102:web:143172c8620af156451327","appId":"1:131238480102:web:143172c8620af156451327","displayName":"portfolio-uid-proto","projectId":"portfolio-projects-ppp-proto","webId":"ODM5Njc0MTgtMTVkZS00ZGJkLWEyNTEtYjJlNGFhNDBhZTNk","apiKeyId":"ae6c3dd7-5964-4134-985a-c1e8d3cc5343","state":"ACTIVE","expireTime":"1970-01-01T00:00:00Z","etag":"1_8beb4bab-653c-4459-a7bf-aa4b22aedccb"}}
[info] +  Created a new Firebase web app named "portfolio-uid-proto" 
[debug] [2026-06-04T18:27:33.695Z] Checked if tokens are valid: true, expires at: 1780601151162
[debug] [2026-06-04T18:27:33.695Z] Checked if tokens are valid: true, expires at: 1780601151162
[debug] [2026-06-04T18:27:33.695Z] >>> [apiv2][query] GET https://firebaseapphosting.googleapis.com/v1beta/projects/portfolio-projects-ppp-proto/locations/us-central1/supportedRuntimes [none]
[debug] [2026-06-04T18:27:35.442Z] <<< [apiv2][status] GET https://firebaseapphosting.googleapis.com/v1beta/projects/portfolio-projects-ppp-proto/locations/us-central1/supportedRuntimes 200
[debug] [2026-06-04T18:27:35.443Z] <<< [apiv2][body] GET https://firebaseapphosting.googleapis.com/v1beta/projects/portfolio-projects-ppp-proto/locations/us-central1/supportedRuntimes {"supportedRuntimes":[{"name":"projects/portfolio-projects-ppp-proto/locations/us-central1/supportedRuntimes/nodejs","runtimeId":"nodejs"},{"name":"projects/portfolio-projects-ppp-proto/locations/us-central1/supportedRuntimes/nodejs22","runtimeId":"nodejs22","automaticBaseImageUpdatesSupported":true,"deprecateTime":"2027-04-30T00:00:00Z","decommissionTime":"2027-10-31T00:00:00Z"},{"name":"projects/portfolio-projects-ppp-proto/locations/us-central1/supportedRuntimes/nodejs24","runtimeId":"nodejs24","automaticBaseImageUpdatesSupported":true,"deprecateTime":"2028-04-30T00:00:00Z","decommissionTime":"2028-10-31T00:00:00Z"}]}
[debug] [2026-06-04T18:27:41.950Z] Checked if tokens are valid: true, expires at: 1780601151162
[debug] [2026-06-04T18:27:41.950Z] Checked if tokens are valid: true, expires at: 1780601151162
[debug] [2026-06-04T18:27:41.950Z] >>> [apiv2][query] POST https://firebaseapphosting.googleapis.com/v1beta/projects/portfolio-projects-ppp-proto/locations/us-central1/backends backendId=portfolio-uid-proto
[debug] [2026-06-04T18:27:41.950Z] >>> [apiv2][body] POST https://firebaseapphosting.googleapis.com/v1beta/projects/portfolio-projects-ppp-proto/locations/us-central1/backends {"servingLocality":"GLOBAL_ACCESS","labels":{"deployment-tool":"cli-firebase"},"serviceAccount":"firebase-app-hosting-compute@portfolio-projects-ppp-proto.iam.gserviceaccount.com","appId":"1:131238480102:web:143172c8620af156451327","runtime":{"value":"nodejs24"}}
[debug] [2026-06-04T18:27:42.713Z] <<< [apiv2][status] POST https://firebaseapphosting.googleapis.com/v1beta/projects/portfolio-projects-ppp-proto/locations/us-central1/backends 200
[debug] [2026-06-04T18:27:42.713Z] <<< [apiv2][body] POST https://firebaseapphosting.googleapis.com/v1beta/projects/portfolio-projects-ppp-proto/locations/us-central1/backends {"name":"projects/portfolio-projects-ppp-proto/locations/us-central1/operations/operation-1780597651329-65371b27ed0b8-b7a64e78-4375ae73","metadata":{"@type":"type.googleapis.com/google.firebase.apphosting.v1beta.OperationMetadata","createTime":"2026-06-04T18:27:31.693016768Z","target":"projects/portfolio-projects-ppp-proto/locations/us-central1/backends/portfolio-uid-proto","verb":"create","requestedCancellation":false,"apiVersion":"v1beta"},"done":false}
[debug] [2026-06-04T18:27:42.713Z] Checked if tokens are valid: true, expires at: 1780601151162
[debug] [2026-06-04T18:27:42.713Z] Checked if tokens are valid: true, expires at: 1780601151162
[debug] [2026-06-04T18:27:42.713Z] >>> [apiv2][query] GET https://firebaseapphosting.googleapis.com/v1beta/projects/portfolio-projects-ppp-proto/locations/us-central1/operations/operation-1780597651329-65371b27ed0b8-b7a64e78-4375ae73 [none]
[debug] [2026-06-04T18:27:42.860Z] <<< [apiv2][status] GET https://firebaseapphosting.googleapis.com/v1beta/projects/portfolio-projects-ppp-proto/locations/us-central1/operations/operation-1780597651329-65371b27ed0b8-b7a64e78-4375ae73 200
[debug] [2026-06-04T18:27:42.860Z] <<< [apiv2][body] GET https://firebaseapphosting.googleapis.com/v1beta/projects/portfolio-projects-ppp-proto/locations/us-central1/operations/operation-1780597651329-65371b27ed0b8-b7a64e78-4375ae73 {"name":"projects/portfolio-projects-ppp-proto/locations/us-central1/operations/operation-1780597651329-65371b27ed0b8-b7a64e78-4375ae73","metadata":{"@type":"type.googleapis.com/google.firebase.apphosting.v1beta.OperationMetadata","createTime":"2026-06-04T18:27:31.693016768Z","target":"projects/portfolio-projects-ppp-proto/locations/us-central1/backends/portfolio-uid-proto","verb":"create","requestedCancellation":false,"apiVersion":"v1beta"},"done":false}
[debug] [2026-06-04T18:27:43.371Z] [create-portfolio-projects-ppp-proto-us-central1-portfolio-uid-proto] Retrying task index 0
[debug] [2026-06-04T18:27:43.371Z] Checked if tokens are valid: true, expires at: 1780601151162
[debug] [2026-06-04T18:27:43.371Z] Checked if tokens are valid: true, expires at: 1780601151162
[debug] [2026-06-04T18:27:43.371Z] >>> [apiv2][query] GET https://firebaseapphosting.googleapis.com/v1beta/projects/portfolio-projects-ppp-proto/locations/us-central1/operations/operation-1780597651329-65371b27ed0b8-b7a64e78-4375ae73 [none]
[debug] [2026-06-04T18:27:43.650Z] <<< [apiv2][status] GET https://firebaseapphosting.googleapis.com/v1beta/projects/portfolio-projects-ppp-proto/locations/us-central1/operations/operation-1780597651329-65371b27ed0b8-b7a64e78-4375ae73 200
[debug] [2026-06-04T18:27:43.650Z] <<< [apiv2][body] GET https://firebaseapphosting.googleapis.com/v1beta/projects/portfolio-projects-ppp-proto/locations/us-central1/operations/operation-1780597651329-65371b27ed0b8-b7a64e78-4375ae73 {"name":"projects/portfolio-projects-ppp-proto/locations/us-central1/operations/operation-1780597651329-65371b27ed0b8-b7a64e78-4375ae73","metadata":{"@type":"type.googleapis.com/google.firebase.apphosting.v1beta.OperationMetadata","createTime":"2026-06-04T18:27:31.693016768Z","endTime":"2026-06-04T18:27:32.023223098Z","target":"projects/portfolio-projects-ppp-proto/locations/us-central1/backends/portfolio-uid-proto","verb":"create","requestedCancellation":false,"apiVersion":"v1beta"},"done":true,"response":{"@type":"type.googleapis.com/google.firebase.apphosting.v1beta.Backend","name":"projects/portfolio-projects-ppp-proto/locations/us-central1/backends/portfolio-uid-proto","createTime":"2026-06-04T18:27:31.687016758Z","updateTime":"2026-06-04T18:27:32.019471Z","labels":{"deployment-tool":"cli-firebase"},"uri":"portfolio-uid-proto--portfolio-projects-ppp-proto.us-central1.hosted.app","uid":"f47bb660-5e9a-41bd-bfdf-64636a764908","etag":"yrsuh7HTnBezZ8t1DbdRh52ecW3gaOt5PPlX1u5e-vo","reconciling":false,"servingLocality":"GLOBAL_ACCESS","serviceAccount":"firebase-app-hosting-compute@portfolio-projects-ppp-proto.iam.gserviceaccount.com","appId":"1:131238480102:web:143172c8620af156451327","runtime":{"value":"nodejs24"}}}
[info] i  === Deploy local source setup 
[info] +  Wrote configuration info to firebase.json 
[info] i  Writing default settings to apphosting.yaml... 
[info] +  Wrote C:\Users\arriz\OneDrive\Documents\User Interface Design - D279\PPP Proto\apphosting.yaml 
[info] +  Firebase initialization complete! 
[info] 
=== Hosting Setup
[debug] [2026-06-04T18:27:56.493Z] Checked if tokens are valid: true, expires at: 1780601151162
[debug] [2026-06-04T18:27:56.493Z] Checked if tokens are valid: true, expires at: 1780601151162
[debug] [2026-06-04T18:27:56.494Z] >>> [apiv2][query] GET https://firebase.googleapis.com/v1beta1/projects/portfolio-projects-ppp-proto [none]
[debug] [2026-06-04T18:27:56.705Z] <<< [apiv2][status] GET https://firebase.googleapis.com/v1beta1/projects/portfolio-projects-ppp-proto 200
[debug] [2026-06-04T18:27:56.705Z] <<< [apiv2][body] GET https://firebase.googleapis.com/v1beta1/projects/portfolio-projects-ppp-proto {"projectId":"portfolio-projects-ppp-proto","projectNumber":"131238480102","displayName":"Portfolio Projects PPP Proto","name":"projects/portfolio-projects-ppp-proto","resources":{"hostingSite":"portfolio-projects-ppp-proto"},"state":"ACTIVE","etag":"1_0d894e42-cb73-40f0-afc5-95d37d6a34ea"}
[info] 
[info] Your public directory is the folder (relative to your project directory) that
[info] will contain Hosting assets to be uploaded with firebase deploy. If you
[info] have a build process for your assets, use your build's output directory.
[info] 
[info] 
[info] i  Didn't detect a .git folder. Assuming C:\Users\arriz\OneDrive\Documents\User Interface Design - D279\PPP Proto is the project root. 
[info] i  Authorizing with GitHub to upload your service account to a GitHub repository's secrets store. 
[info] 
[info] Visit this URL on this device to log in:
[info] https://github.com/login/oauth/authorize?client_id=89cf50f02ac6aaed3484&state=749295055&redirect_uri=http%3A%2F%2Flocalhost%3A9005&scope=read%3Auser%20repo%20public_repo
[info] 
[info] Waiting for authentication...
[debug] [2026-06-04T18:29:01.194Z] >>> [apiv2][query] POST https://github.com/login/oauth/access_token [none]
[debug] [2026-06-04T18:29:01.194Z] >>> [apiv2][body] POST https://github.com/login/oauth/access_token [stream]
[debug] [2026-06-04T18:29:01.461Z] <<< [apiv2][status] POST https://github.com/login/oauth/access_token 200
[debug] [2026-06-04T18:29:01.461Z] <<< [apiv2][body] POST https://github.com/login/oauth/access_token {"access_token":"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","token_type":"bearer","scope":"read:user,repo"}
[debug] [2026-06-04T18:29:01.464Z] >>> [apiv2][query] GET https://api.github.com/user [none]
[debug] [2026-06-04T18:29:01.775Z] <<< [apiv2][status] GET https://api.github.com/user 200
[debug] [2026-06-04T18:29:01.775Z] <<< [apiv2][body] GET https://api.github.com/user {"login":"riza92","id":55006284,"node_id":"MDQ6VXNlcjU1MDA2Mjg0","avatar_url":"https://avatars.githubusercontent.com/u/55006284?v=4","gravatar_id":"","url":"https://api.github.com/users/riza92","html_url":"https://github.com/riza92","followers_url":"https://api.github.com/users/riza92/followers","following_url":"https://api.github.com/users/riza92/following{/other_user}","gists_url":"https://api.github.com/users/riza92/gists{/gist_id}","starred_url":"https://api.github.com/users/riza92/starred{/owner}{/repo}","subscriptions_url":"https://api.github.com/users/riza92/subscriptions","organizations_url":"https://api.github.com/users/riza92/orgs","repos_url":"https://api.github.com/users/riza92/repos","events_url":"https://api.github.com/users/riza92/events{/privacy}","received_events_url":"https://api.github.com/users/riza92/received_events","type":"User","user_view_type":"private","site_admin":false,"name":null,"company":null,"blog":"","location":null,"email":null,"hireable":null,"bio":null,"twitter_username":null,"notification_email":null,"public_repos":0,"public_gists":0,"followers":0,"following":0,"created_at":"2019-09-06T23:42:48Z","updated_at":"2026-06-04T01:22:02Z","private_gists":0,"total_private_repos":7,"owned_private_repos":7,"disk_usage":10588,"collaborators":1,"two_factor_authentication":false,"plan":{"name":"free","space":976562499,"collaborators":0,"private_repos":10000}}
[info] 
[info] +  Success! Logged into GitHub as riza92 
[info] 
